EASYMORE version 2.0.1 is initiated.
3
Directory '/home/paul.coderre/research/future_climate/easymore/03_easymore_cmip/' created successfully!
no author name is provided.
EASYMORE is given multiple variables for remapping but only one format and fill value. EASYMORE repeats the format and fill value for all the variables in output files
EASYMORE will remap variable  pr  from source file to variable  precipitation  in remapped netCDF file
EASYMORE will remap variable  tasmax  from source file to variable  max_temperature  in remapped netCDF file
EASYMORE will remap variable  tasmin  from source file to variable  min_temperature  in remapped netCDF file
EASYMORE detects that the variables from the netCDF files are identicalin dimensions of the variables and latitude and longitude
EASYMORE detects that all the variables have dimensions of:
['time', 'rlat', 'rlon']
EASYMORE detects that the longitude variables has dimensions of:
['rlat', 'rlon']
EASYMORE detects that the latitude variables has dimensions of:
['rlat', 'rlon']
--CREATING-REMAPPING-FILE--
Started at date and time 2024-12-04 16:30:02.806252
EASYMORE detects that target shapefile is in WGS84 (epsg:4326)
EASYMORE detects that the field for ID is provided in sink/target shapefile
EASYMORE detects that either of the fields for latitude or longitude is not provided in sink/target shapefile
calculating centroid of shapes in WGS84 projection;
for better appximation use the easymore equal area centroid function to preprocess target shapefile
EASYMORE detects that no field for latitude is provided in sink/target shapefile
latitude values are added in the field lat_t
EASYMORE detects that no field for longitude is provided in sink/target shapefile
longitude values are added in the field lon_t
it seems everything is OK with the sink/target shapefile; added to EASYMORE object target_shp_gpd
EASYMORE saved target shapefile for EASYMORE claculation as:
/home/paul.coderre/research/future_climate/easymore/03_temp_dir/03_hype_smm_cmip_target_shapefile.shp
EASYMORE detects case 2 - rotated lat/lon
/home/paul.coderre/research/future_climate/easymore/03_temp_dir/03_hype_smm_cmip_source_shapefile.shp
EASYMORE created the shapefile from the netCDF file and saved it here:
EASMORE detects that target shapefile is inside the boundary of source netCDF file  and therefore correction for longitude values -180 to 180 or 0 to 360 is not performed even if  the correction_shp_lon flag is set to True [default is True]
Ended at date and time 2024-12-04 16:30:17.554384
It took 14.748132 seconds to finish creating of the remapping file
---------------------------
Running within a SLURM job.
SLURM environment variables found: ['SLURM_JOBID', 'SLURM_JOB_NAME', 'SLURM_NODELIST']
parallel remapping for nc files on  8  CPUs/workers
